// Jest Snapshot v1, https://goo.gl/fbAQLP

exports[`App getRights should call fetchRights if there are no rights in the store 1`] = `
<Route>
  <Component />
</Route>
`;

exports[`App should match the snapshot 1`] = `
<Route>
  <Component />
</Route>
`;
